  Determining projects to restore...
  All projects are up-to-date for restore.
C:\Users\moses\OneDrive\Desktop\CalculatorApp\Form1.cs(54,25): warning CS8622: Nullability of reference types in type of parameter 'sender' of 'void Form1.Form1_KeyDown(object sender, KeyEventArgs e)' doesn't match the target delegate 'KeyEventHandler' (possibly because of nullability attributes). [C:\Users\moses\OneDrive\Desktop\CalculatorApp\CalculatorApp.csproj]
C:\Users\moses\OneDrive\Desktop\CalculatorApp\Form1.cs(55,29): warning CS8622: Nullability of reference types in type of parameter 'sender' of 'void Form1.Form1_FormClosing(object sender, FormClosingEventArgs e)' doesn't match the target delegate 'FormClosingEventHandler' (possibly because of nullability attributes). [C:\Users\moses\OneDrive\Desktop\CalculatorApp\CalculatorApp.csproj]
C:\Users\moses\OneDrive\Desktop\CalculatorApp\Form1.cs(49,12): warning CS8618: Non-nullable field 'displayBox' must contain a non-null value when exiting constructor. Consider adding the 'required' modifier or declaring the field as nullable. [C:\Users\moses\OneDrive\Desktop\CalculatorApp\CalculatorApp.csproj]
C:\Users\moses\OneDrive\Desktop\CalculatorApp\Form1.cs(49,12): warning CS8618: Non-nullable field 'themeBtn' must contain a non-null value when exiting constructor. Consider adding the 'required' modifier or declaring the field as nullable. [C:\Users\moses\OneDrive\Desktop\CalculatorApp\CalculatorApp.csproj]
C:\Users\moses\OneDrive\Desktop\CalculatorApp\Form1.cs(49,12): warning CS8618: Non-nullable field 'sidePanel' must contain a non-null value when exiting constructor. Consider adding the 'required' modifier or declaring the field as nullable. [C:\Users\moses\OneDrive\Desktop\CalculatorApp\CalculatorApp.csproj]
C:\Users\moses\OneDrive\Desktop\CalculatorApp\Form1.cs(49,12): warning CS8618: Non-nullable field 'showHistoryBtn' must contain a non-null value when exiting constructor. Consider adding the 'required' modifier or declaring the field as nullable. [C:\Users\moses\OneDrive\Desktop\CalculatorApp\CalculatorApp.csproj]
C:\Users\moses\OneDrive\Desktop\CalculatorApp\Form1.cs(49,12): warning CS8618: Non-nullable field 'showConverterBtn' must contain a non-null value when exiting constructor. Consider adding the 'required' modifier or declaring the field as nullable. [C:\Users\moses\OneDrive\Desktop\CalculatorApp\CalculatorApp.csproj]
C:\Users\moses\OneDrive\Desktop\CalculatorApp\Form1.cs(49,12): warning CS8618: Non-nullable field 'showHelpBtn' must contain a non-null value when exiting constructor. Consider adding the 'required' modifier or declaring the field as nullable. [C:\Users\moses\OneDrive\Desktop\CalculatorApp\CalculatorApp.csproj]
C:\Users\moses\OneDrive\Desktop\CalculatorApp\Form1.cs(49,12): warning CS8618: Non-nullable field 'helpPanel' must contain a non-null value when exiting constructor. Consider adding the 'required' modifier or declaring the field as nullable. [C:\Users\moses\OneDrive\Desktop\CalculatorApp\CalculatorApp.csproj]
C:\Users\moses\OneDrive\Desktop\CalculatorApp\Form1.cs(49,12): warning CS8618: Non-nullable field 'helpText' must contain a non-null value when exiting constructor. Consider adding the 'required' modifier or declaring the field as nullable. [C:\Users\moses\OneDrive\Desktop\CalculatorApp\CalculatorApp.csproj]
C:\Users\moses\OneDrive\Desktop\CalculatorApp\Form1.cs(49,12): warning CS8618: Non-nullable field 'historyPanel' must contain a non-null value when exiting constructor. Consider adding the 'required' modifier or declaring the field as nullable. [C:\Users\moses\OneDrive\Desktop\CalculatorApp\CalculatorApp.csproj]
C:\Users\moses\OneDrive\Desktop\CalculatorApp\Form1.cs(49,12): warning CS8618: Non-nullable field 'historyList' must contain a non-null value when exiting constructor. Consider adding the 'required' modifier or declaring the field as nullable. [C:\Users\moses\OneDrive\Desktop\CalculatorApp\CalculatorApp.csproj]
C:\Users\moses\OneDrive\Desktop\CalculatorApp\Form1.cs(49,12): warning CS8618: Non-nullable field 'clearHistoryBtn' must contain a non-null value when exiting constructor. Consider adding the 'required' modifier or declaring the field as nullable. [C:\Users\moses\OneDrive\Desktop\CalculatorApp\CalculatorApp.csproj]
C:\Users\moses\OneDrive\Desktop\CalculatorApp\Form1.cs(49,12): warning CS8618: Non-nullable field 'exportHistoryBtn' must contain a non-null value when exiting constructor. Consider adding the 'required' modifier or declaring the field as nullable. [C:\Users\moses\OneDrive\Desktop\CalculatorApp\CalculatorApp.csproj]
C:\Users\moses\OneDrive\Desktop\CalculatorApp\Form1.cs(49,12): warning CS8618: Non-nullable field 'converterPanel' must contain a non-null value when exiting constructor. Consider adding the 'required' modifier or declaring the field as nullable. [C:\Users\moses\OneDrive\Desktop\CalculatorApp\CalculatorApp.csproj]
C:\Users\moses\OneDrive\Desktop\CalculatorApp\Form1.cs(49,12): warning CS8618: Non-nullable field 'conversionType' must contain a non-null value when exiting constructor. Consider adding the 'required' modifier or declaring the field as nullable. [C:\Users\moses\OneDrive\Desktop\CalculatorApp\CalculatorApp.csproj]
C:\Users\moses\OneDrive\Desktop\CalculatorApp\Form1.cs(49,12): warning CS8618: Non-nullable field 'inputUnitBox' must contain a non-null value when exiting constructor. Consider adding the 'required' modifier or declaring the field as nullable. [C:\Users\moses\OneDrive\Desktop\CalculatorApp\CalculatorApp.csproj]
C:\Users\moses\OneDrive\Desktop\CalculatorApp\Form1.cs(49,12): warning CS8618: Non-nullable field 'outputUnitBox' must contain a non-null value when exiting constructor. Consider adding the 'required' modifier or declaring the field as nullable. [C:\Users\moses\OneDrive\Desktop\CalculatorApp\CalculatorApp.csproj]
C:\Users\moses\OneDrive\Desktop\CalculatorApp\Form1.cs(49,12): warning CS8618: Non-nullable field 'eqLabel' must contain a non-null value when exiting constructor. Consider adding the 'required' modifier or declaring the field as nullable. [C:\Users\moses\OneDrive\Desktop\CalculatorApp\CalculatorApp.csproj]
C:\Users\moses\OneDrive\Desktop\CalculatorApp\Form1.cs(49,12): warning CS8618: Non-nullable field 'fromUnit' must contain a non-null value when exiting constructor. Consider adding the 'required' modifier or declaring the field as nullable. [C:\Users\moses\OneDrive\Desktop\CalculatorApp\CalculatorApp.csproj]
C:\Users\moses\OneDrive\Desktop\CalculatorApp\Form1.cs(49,12): warning CS8618: Non-nullable field 'toUnit' must contain a non-null value when exiting constructor. Consider adding the 'required' modifier or declaring the field as nullable. [C:\Users\moses\OneDrive\Desktop\CalculatorApp\CalculatorApp.csproj]
C:\Users\moses\OneDrive\Desktop\CalculatorApp\Form1.cs(49,12): warning CS8618: Non-nullable field 'convertBtn' must contain a non-null value when exiting constructor. Consider adding the 'required' modifier or declaring the field as nullable. [C:\Users\moses\OneDrive\Desktop\CalculatorApp\CalculatorApp.csproj]
C:\Users\moses\OneDrive\Desktop\CalculatorApp\Form1.cs(49,12): warning CS8618: Non-nullable field 'mainLayout' must contain a non-null value when exiting constructor. Consider adding the 'required' modifier or declaring the field as nullable. [C:\Users\moses\OneDrive\Desktop\CalculatorApp\CalculatorApp.csproj]
C:\Users\moses\OneDrive\Desktop\CalculatorApp\Form1.cs(49,12): warning CS8618: Non-nullable field 'buttonGrid' must contain a non-null value when exiting constructor. Consider adding the 'required' modifier or declaring the field as nullable. [C:\Users\moses\OneDrive\Desktop\CalculatorApp\CalculatorApp.csproj]
C:\Users\moses\OneDrive\Desktop\CalculatorApp\Form1.cs(49,12): warning CS8618: Non-nullable field 'rightDockPanel' must contain a non-null value when exiting constructor. Consider adding the 'required' modifier or declaring the field as nullable. [C:\Users\moses\OneDrive\Desktop\CalculatorApp\CalculatorApp.csproj]
C:\Users\moses\OneDrive\Desktop\CalculatorApp\Form1.cs(49,12): warning CS8618: Non-nullable field 'sideToggleGrid' must contain a non-null value when exiting constructor. Consider adding the 'required' modifier or declaring the field as nullable. [C:\Users\moses\OneDrive\Desktop\CalculatorApp\CalculatorApp.csproj]
C:\Users\moses\OneDrive\Desktop\CalculatorApp\Form1.cs(49,12): warning CS8618: Non-nullable field 'sideContentPanel' must contain a non-null value when exiting constructor. Consider adding the 'required' modifier or declaring the field as nullable. [C:\Users\moses\OneDrive\Desktop\CalculatorApp\CalculatorApp.csproj]
C:\Users\moses\OneDrive\Desktop\CalculatorApp\Form1.cs(110,32): warning CS8625: Cannot convert null literal to non-nullable reference type. [C:\Users\moses\OneDrive\Desktop\CalculatorApp\CalculatorApp.csproj]
C:\Users\moses\OneDrive\Desktop\CalculatorApp\Form1.cs(110,38): warning CS8625: Cannot convert null literal to non-nullable reference type. [C:\Users\moses\OneDrive\Desktop\CalculatorApp\CalculatorApp.csproj]
C:\Users\moses\OneDrive\Desktop\CalculatorApp\Form1.cs(149,27): warning CS8622: Nullability of reference types in type of parameter 'sender' of 'void Form1.Theme_Click(object sender, EventArgs e)' doesn't match the target delegate 'EventHandler' (possibly because of nullability attributes). [C:\Users\moses\OneDrive\Desktop\CalculatorApp\CalculatorApp.csproj]
C:\Users\moses\OneDrive\Desktop\CalculatorApp\Form1.cs(173,35): warning CS8622: Nullability of reference types in type of parameter 'sender' of 'void Form1.ExportHistory_Click(object sender, EventArgs e)' doesn't match the target delegate 'EventHandler' (possibly because of nullability attributes). [C:\Users\moses\OneDrive\Desktop\CalculatorApp\CalculatorApp.csproj]
C:\Users\moses\OneDrive\Desktop\CalculatorApp\Form1.cs(193,48): warning CS8622: Nullability of reference types in type of parameter 'sender' of 'void Form1.ConversionType_Changed(object sender, EventArgs e)' doesn't match the target delegate 'EventHandler' (possibly because of nullability attributes). [C:\Users\moses\OneDrive\Desktop\CalculatorApp\CalculatorApp.csproj]
C:\Users\moses\OneDrive\Desktop\CalculatorApp\Form1.cs(212,29): warning CS8622: Nullability of reference types in type of parameter 'sender' of 'void Form1.ConvertBtn_Click(object sender, EventArgs e)' doesn't match the target delegate 'EventHandler' (possibly because of nullability attributes). [C:\Users\moses\OneDrive\Desktop\CalculatorApp\CalculatorApp.csproj]
C:\Users\moses\OneDrive\Desktop\CalculatorApp\Form1.cs(302,30): warning CS8622: Nullability of reference types in type of parameter 'sender' of 'void Form1.Number_Click(object sender, EventArgs e)' doesn't match the target delegate 'EventHandler' (possibly because of nullability attributes). [C:\Users\moses\OneDrive\Desktop\CalculatorApp\CalculatorApp.csproj]
C:\Users\moses\OneDrive\Desktop\CalculatorApp\Form1.cs(311,38): warning CS8622: Nullability of reference types in type of parameter 'sender' of 'void Form1.Clear_Click(object sender, EventArgs e)' doesn't match the target delegate 'EventHandler' (possibly because of nullability attributes). [C:\Users\moses\OneDrive\Desktop\CalculatorApp\CalculatorApp.csproj]
C:\Users\moses\OneDrive\Desktop\CalculatorApp\Form1.cs(316,38): warning CS8622: Nullability of reference types in type of parameter 'sender' of 'void Form1.Backspace_Click(object sender, EventArgs e)' doesn't match the target delegate 'EventHandler' (possibly because of nullability attributes). [C:\Users\moses\OneDrive\Desktop\CalculatorApp\CalculatorApp.csproj]
C:\Users\moses\OneDrive\Desktop\CalculatorApp\Form1.cs(321,38): warning CS8622: Nullability of reference types in type of parameter 'sender' of 'void Form1.Equals_Click(object sender, EventArgs e)' doesn't match the target delegate 'EventHandler' (possibly because of nullability attributes). [C:\Users\moses\OneDrive\Desktop\CalculatorApp\CalculatorApp.csproj]
C:\Users\moses\OneDrive\Desktop\CalculatorApp\Form1.cs(333,38): warning CS8622: Nullability of reference types in type of parameter 'sender' of 'void Form1.AdvancedOp_Click(object sender, EventArgs e)' doesn't match the target delegate 'EventHandler' (possibly because of nullability attributes). [C:\Users\moses\OneDrive\Desktop\CalculatorApp\CalculatorApp.csproj]
C:\Users\moses\OneDrive\Desktop\CalculatorApp\Form1.cs(339,38): warning CS8622: Nullability of reference types in type of parameter 'sender' of 'void Form1.AdvancedOp_Click(object sender, EventArgs e)' doesn't match the target delegate 'EventHandler' (possibly because of nullability attributes). [C:\Users\moses\OneDrive\Desktop\CalculatorApp\CalculatorApp.csproj]
C:\Users\moses\OneDrive\Desktop\CalculatorApp\Form1.cs(343,38): warning CS8622: Nullability of reference types in type of parameter 'sender' of 'void Form1.Memory_Click(object sender, EventArgs e)' doesn't match the target delegate 'EventHandler' (possibly because of nullability attributes). [C:\Users\moses\OneDrive\Desktop\CalculatorApp\CalculatorApp.csproj]
C:\Users\moses\OneDrive\Desktop\CalculatorApp\Form1.cs(347,38): warning CS8622: Nullability of reference types in type of parameter 'sender' of 'void Form1.Operator_Click(object sender, EventArgs e)' doesn't match the target delegate 'EventHandler' (possibly because of nullability attributes). [C:\Users\moses\OneDrive\Desktop\CalculatorApp\CalculatorApp.csproj]
C:\Users\moses\OneDrive\Desktop\CalculatorApp\Form1.cs(351,38): warning CS8622: Nullability of reference types in type of parameter 'sender' of 'void Form1.Operator_Click(object sender, EventArgs e)' doesn't match the target delegate 'EventHandler' (possibly because of nullability attributes). [C:\Users\moses\OneDrive\Desktop\CalculatorApp\CalculatorApp.csproj]
C:\Users\moses\OneDrive\Desktop\CalculatorApp\Form1.cs(414,17): warning CS8602: Dereference of a possibly null reference. [C:\Users\moses\OneDrive\Desktop\CalculatorApp\CalculatorApp.csproj]
C:\Users\moses\OneDrive\Desktop\CalculatorApp\Form1.cs(441,52): warning CS8602: Dereference of a possibly null reference. [C:\Users\moses\OneDrive\Desktop\CalculatorApp\CalculatorApp.csproj]
C:\Users\moses\OneDrive\Desktop\CalculatorApp\Form1.cs(441,86): warning CS8602: Dereference of a possibly null reference. [C:\Users\moses\OneDrive\Desktop\CalculatorApp\CalculatorApp.csproj]
C:\Users\moses\OneDrive\Desktop\CalculatorApp\Form1.cs(441,118): warning CS8602: Dereference of a possibly null reference. [C:\Users\moses\OneDrive\Desktop\CalculatorApp\CalculatorApp.csproj]
C:\Users\moses\OneDrive\Desktop\CalculatorApp\Form1.cs(441,52): warning CS8604: Possible null reference argument for parameter 'from' in 'double Form1.PerformConversion(double val, string from, string to, string type)'. [C:\Users\moses\OneDrive\Desktop\CalculatorApp\CalculatorApp.csproj]
C:\Users\moses\OneDrive\Desktop\CalculatorApp\Form1.cs(441,86): warning CS8604: Possible null reference argument for parameter 'to' in 'double Form1.PerformConversion(double val, string from, string to, string type)'. [C:\Users\moses\OneDrive\Desktop\CalculatorApp\CalculatorApp.csproj]
C:\Users\moses\OneDrive\Desktop\CalculatorApp\Form1.cs(441,118): warning CS8604: Possible null reference argument for parameter 'type' in 'double Form1.PerformConversion(double val, string from, string to, string type)'. [C:\Users\moses\OneDrive\Desktop\CalculatorApp\CalculatorApp.csproj]
C:\Users\moses\OneDrive\Desktop\CalculatorApp\Form1.cs(519,52): warning CS0168: The variable 'btnActionBg' is declared but never used [C:\Users\moses\OneDrive\Desktop\CalculatorApp\CalculatorApp.csproj]
C:\Users\moses\OneDrive\Desktop\CalculatorApp\Form1.cs(778,13): error CS0152: The switch statement contains multiple cases with the label value '"Cos"' [C:\Users\moses\OneDrive\Desktop\CalculatorApp\CalculatorApp.csproj]
C:\Users\moses\OneDrive\Desktop\CalculatorApp\Form1.cs(782,13): error CS0152: The switch statement contains multiple cases with the label value '"Tan"' [C:\Users\moses\OneDrive\Desktop\CalculatorApp\CalculatorApp.csproj]
C:\Users\moses\OneDrive\Desktop\CalculatorApp\Form1.cs(755,17): warning CS0162: Unreachable code detected [C:\Users\moses\OneDrive\Desktop\CalculatorApp\CalculatorApp.csproj]
C:\Users\moses\OneDrive\Desktop\CalculatorApp\Form1.cs(21,19): warning CS0169: The field 'Form1.sidePanel' is never used [C:\Users\moses\OneDrive\Desktop\CalculatorApp\CalculatorApp.csproj]
C:\Users\moses\OneDrive\Desktop\CalculatorApp\Form1.cs(10,20): warning CS0414: The field 'Form1.currentInput' is assigned but its value is never used [C:\Users\moses\OneDrive\Desktop\CalculatorApp\CalculatorApp.csproj]

Build FAILED.

C:\Users\moses\OneDrive\Desktop\CalculatorApp\Form1.cs(54,25): warning CS8622: Nullability of reference types in type of parameter 'sender' of 'void Form1.Form1_KeyDown(object sender, KeyEventArgs e)' doesn't match the target delegate 'KeyEventHandler' (possibly because of nullability attributes). [C:\Users\moses\OneDrive\Desktop\CalculatorApp\CalculatorApp.csproj]
C:\Users\moses\OneDrive\Desktop\CalculatorApp\Form1.cs(55,29): warning CS8622: Nullability of reference types in type of parameter 'sender' of 'void Form1.Form1_FormClosing(object sender, FormClosingEventArgs e)' doesn't match the target delegate 'FormClosingEventHandler' (possibly because of nullability attributes). [C:\Users\moses\OneDrive\Desktop\CalculatorApp\CalculatorApp.csproj]
C:\Users\moses\OneDrive\Desktop\CalculatorApp\Form1.cs(49,12): warning CS8618: Non-nullable field 'displayBox' must contain a non-null value when exiting constructor. Consider adding the 'required' modifier or declaring the field as nullable. [C:\Users\moses\OneDrive\Desktop\CalculatorApp\CalculatorApp.csproj]
C:\Users\moses\OneDrive\Desktop\CalculatorApp\Form1.cs(49,12): warning CS8618: Non-nullable field 'themeBtn' must contain a non-null value when exiting constructor. Consider adding the 'required' modifier or declaring the field as nullable. [C:\Users\moses\OneDrive\Desktop\CalculatorApp\CalculatorApp.csproj]
C:\Users\moses\OneDrive\Desktop\CalculatorApp\Form1.cs(49,12): warning CS8618: Non-nullable field 'sidePanel' must contain a non-null value when exiting constructor. Consider adding the 'required' modifier or declaring the field as nullable. [C:\Users\moses\OneDrive\Desktop\CalculatorApp\CalculatorApp.csproj]
C:\Users\moses\OneDrive\Desktop\CalculatorApp\Form1.cs(49,12): warning CS8618: Non-nullable field 'showHistoryBtn' must contain a non-null value when exiting constructor. Consider adding the 'required' modifier or declaring the field as nullable. [C:\Users\moses\OneDrive\Desktop\CalculatorApp\CalculatorApp.csproj]
C:\Users\moses\OneDrive\Desktop\CalculatorApp\Form1.cs(49,12): warning CS8618: Non-nullable field 'showConverterBtn' must contain a non-null value when exiting constructor. Consider adding the 'required' modifier or declaring the field as nullable. [C:\Users\moses\OneDrive\Desktop\CalculatorApp\CalculatorApp.csproj]
C:\Users\moses\OneDrive\Desktop\CalculatorApp\Form1.cs(49,12): warning CS8618: Non-nullable field 'showHelpBtn' must contain a non-null value when exiting constructor. Consider adding the 'required' modifier or declaring the field as nullable. [C:\Users\moses\OneDrive\Desktop\CalculatorApp\CalculatorApp.csproj]
C:\Users\moses\OneDrive\Desktop\CalculatorApp\Form1.cs(49,12): warning CS8618: Non-nullable field 'helpPanel' must contain a non-null value when exiting constructor. Consider adding the 'required' modifier or declaring the field as nullable. [C:\Users\moses\OneDrive\Desktop\CalculatorApp\CalculatorApp.csproj]
C:\Users\moses\OneDrive\Desktop\CalculatorApp\Form1.cs(49,12): warning CS8618: Non-nullable field 'helpText' must contain a non-null value when exiting constructor. Consider adding the 'required' modifier or declaring the field as nullable. [C:\Users\moses\OneDrive\Desktop\CalculatorApp\CalculatorApp.csproj]
C:\Users\moses\OneDrive\Desktop\CalculatorApp\Form1.cs(49,12): warning CS8618: Non-nullable field 'historyPanel' must contain a non-null value when exiting constructor. Consider adding the 'required' modifier or declaring the field as nullable. [C:\Users\moses\OneDrive\Desktop\CalculatorApp\CalculatorApp.csproj]
C:\Users\moses\OneDrive\Desktop\CalculatorApp\Form1.cs(49,12): warning CS8618: Non-nullable field 'historyList' must contain a non-null value when exiting constructor. Consider adding the 'required' modifier or declaring the field as nullable. [C:\Users\moses\OneDrive\Desktop\CalculatorApp\CalculatorApp.csproj]
C:\Users\moses\OneDrive\Desktop\CalculatorApp\Form1.cs(49,12): warning CS8618: Non-nullable field 'clearHistoryBtn' must contain a non-null value when exiting constructor. Consider adding the 'required' modifier or declaring the field as nullable. [C:\Users\moses\OneDrive\Desktop\CalculatorApp\CalculatorApp.csproj]
C:\Users\moses\OneDrive\Desktop\CalculatorApp\Form1.cs(49,12): warning CS8618: Non-nullable field 'exportHistoryBtn' must contain a non-null value when exiting constructor. Consider adding the 'required' modifier or declaring the field as nullable. [C:\Users\moses\OneDrive\Desktop\CalculatorApp\CalculatorApp.csproj]
C:\Users\moses\OneDrive\Desktop\CalculatorApp\Form1.cs(49,12): warning CS8618: Non-nullable field 'converterPanel' must contain a non-null value when exiting constructor. Consider adding the 'required' modifier or declaring the field as nullable. [C:\Users\moses\OneDrive\Desktop\CalculatorApp\CalculatorApp.csproj]
C:\Users\moses\OneDrive\Desktop\CalculatorApp\Form1.cs(49,12): warning CS8618: Non-nullable field 'conversionType' must contain a non-null value when exiting constructor. Consider adding the 'required' modifier or declaring the field as nullable. [C:\Users\moses\OneDrive\Desktop\CalculatorApp\CalculatorApp.csproj]
C:\Users\moses\OneDrive\Desktop\CalculatorApp\Form1.cs(49,12): warning CS8618: Non-nullable field 'inputUnitBox' must contain a non-null value when exiting constructor. Consider adding the 'required' modifier or declaring the field as nullable. [C:\Users\moses\OneDrive\Desktop\CalculatorApp\CalculatorApp.csproj]
C:\Users\moses\OneDrive\Desktop\CalculatorApp\Form1.cs(49,12): warning CS8618: Non-nullable field 'outputUnitBox' must contain a non-null value when exiting constructor. Consider adding the 'required' modifier or declaring the field as nullable. [C:\Users\moses\OneDrive\Desktop\CalculatorApp\CalculatorApp.csproj]
C:\Users\moses\OneDrive\Desktop\CalculatorApp\Form1.cs(49,12): warning CS8618: Non-nullable field 'eqLabel' must contain a non-null value when exiting constructor. Consider adding the 'required' modifier or declaring the field as nullable. [C:\Users\moses\OneDrive\Desktop\CalculatorApp\CalculatorApp.csproj]
C:\Users\moses\OneDrive\Desktop\CalculatorApp\Form1.cs(49,12): warning CS8618: Non-nullable field 'fromUnit' must contain a non-null value when exiting constructor. Consider adding the 'required' modifier or declaring the field as nullable. [C:\Users\moses\OneDrive\Desktop\CalculatorApp\CalculatorApp.csproj]
C:\Users\moses\OneDrive\Desktop\CalculatorApp\Form1.cs(49,12): warning CS8618: Non-nullable field 'toUnit' must contain a non-null value when exiting constructor. Consider adding the 'required' modifier or declaring the field as nullable. [C:\Users\moses\OneDrive\Desktop\CalculatorApp\CalculatorApp.csproj]
C:\Users\moses\OneDrive\Desktop\CalculatorApp\Form1.cs(49,12): warning CS8618: Non-nullable field 'convertBtn' must contain a non-null value when exiting constructor. Consider adding the 'required' modifier or declaring the field as nullable. [C:\Users\moses\OneDrive\Desktop\CalculatorApp\CalculatorApp.csproj]
C:\Users\moses\OneDrive\Desktop\CalculatorApp\Form1.cs(49,12): warning CS8618: Non-nullable field 'mainLayout' must contain a non-null value when exiting constructor. Consider adding the 'required' modifier or declaring the field as nullable. [C:\Users\moses\OneDrive\Desktop\CalculatorApp\CalculatorApp.csproj]
C:\Users\moses\OneDrive\Desktop\CalculatorApp\Form1.cs(49,12): warning CS8618: Non-nullable field 'buttonGrid' must contain a non-null value when exiting constructor. Consider adding the 'required' modifier or declaring the field as nullable. [C:\Users\moses\OneDrive\Desktop\CalculatorApp\CalculatorApp.csproj]
C:\Users\moses\OneDrive\Desktop\CalculatorApp\Form1.cs(49,12): warning CS8618: Non-nullable field 'rightDockPanel' must contain a non-null value when exiting constructor. Consider adding the 'required' modifier or declaring the field as nullable. [C:\Users\moses\OneDrive\Desktop\CalculatorApp\CalculatorApp.csproj]
C:\Users\moses\OneDrive\Desktop\CalculatorApp\Form1.cs(49,12): warning CS8618: Non-nullable field 'sideToggleGrid' must contain a non-null value when exiting constructor. Consider adding the 'required' modifier or declaring the field as nullable. [C:\Users\moses\OneDrive\Desktop\CalculatorApp\CalculatorApp.csproj]
C:\Users\moses\OneDrive\Desktop\CalculatorApp\Form1.cs(49,12): warning CS8618: Non-nullable field 'sideContentPanel' must contain a non-null value when exiting constructor. Consider adding the 'required' modifier or declaring the field as nullable. [C:\Users\moses\OneDrive\Desktop\CalculatorApp\CalculatorApp.csproj]
C:\Users\moses\OneDrive\Desktop\CalculatorApp\Form1.cs(110,32): warning CS8625: Cannot convert null literal to non-nullable reference type. [C:\Users\moses\OneDrive\Desktop\CalculatorApp\CalculatorApp.csproj]
C:\Users\moses\OneDrive\Desktop\CalculatorApp\Form1.cs(110,38): warning CS8625: Cannot convert null literal to non-nullable reference type. [C:\Users\moses\OneDrive\Desktop\CalculatorApp\CalculatorApp.csproj]
C:\Users\moses\OneDrive\Desktop\CalculatorApp\Form1.cs(149,27): warning CS8622: Nullability of reference types in type of parameter 'sender' of 'void Form1.Theme_Click(object sender, EventArgs e)' doesn't match the target delegate 'EventHandler' (possibly because of nullability attributes). [C:\Users\moses\OneDrive\Desktop\CalculatorApp\CalculatorApp.csproj]
C:\Users\moses\OneDrive\Desktop\CalculatorApp\Form1.cs(173,35): warning CS8622: Nullability of reference types in type of parameter 'sender' of 'void Form1.ExportHistory_Click(object sender, EventArgs e)' doesn't match the target delegate 'EventHandler' (possibly because of nullability attributes). [C:\Users\moses\OneDrive\Desktop\CalculatorApp\CalculatorApp.csproj]
C:\Users\moses\OneDrive\Desktop\CalculatorApp\Form1.cs(193,48): warning CS8622: Nullability of reference types in type of parameter 'sender' of 'void Form1.ConversionType_Changed(object sender, EventArgs e)' doesn't match the target delegate 'EventHandler' (possibly because of nullability attributes). [C:\Users\moses\OneDrive\Desktop\CalculatorApp\CalculatorApp.csproj]
C:\Users\moses\OneDrive\Desktop\CalculatorApp\Form1.cs(212,29): warning CS8622: Nullability of reference types in type of parameter 'sender' of 'void Form1.ConvertBtn_Click(object sender, EventArgs e)' doesn't match the target delegate 'EventHandler' (possibly because of nullability attributes). [C:\Users\moses\OneDrive\Desktop\CalculatorApp\CalculatorApp.csproj]
C:\Users\moses\OneDrive\Desktop\CalculatorApp\Form1.cs(302,30): warning CS8622: Nullability of reference types in type of parameter 'sender' of 'void Form1.Number_Click(object sender, EventArgs e)' doesn't match the target delegate 'EventHandler' (possibly because of nullability attributes). [C:\Users\moses\OneDrive\Desktop\CalculatorApp\CalculatorApp.csproj]
C:\Users\moses\OneDrive\Desktop\CalculatorApp\Form1.cs(311,38): warning CS8622: Nullability of reference types in type of parameter 'sender' of 'void Form1.Clear_Click(object sender, EventArgs e)' doesn't match the target delegate 'EventHandler' (possibly because of nullability attributes). [C:\Users\moses\OneDrive\Desktop\CalculatorApp\CalculatorApp.csproj]
C:\Users\moses\OneDrive\Desktop\CalculatorApp\Form1.cs(316,38): warning CS8622: Nullability of reference types in type of parameter 'sender' of 'void Form1.Backspace_Click(object sender, EventArgs e)' doesn't match the target delegate 'EventHandler' (possibly because of nullability attributes). [C:\Users\moses\OneDrive\Desktop\CalculatorApp\CalculatorApp.csproj]
C:\Users\moses\OneDrive\Desktop\CalculatorApp\Form1.cs(321,38): warning CS8622: Nullability of reference types in type of parameter 'sender' of 'void Form1.Equals_Click(object sender, EventArgs e)' doesn't match the target delegate 'EventHandler' (possibly because of nullability attributes). [C:\Users\moses\OneDrive\Desktop\CalculatorApp\CalculatorApp.csproj]
C:\Users\moses\OneDrive\Desktop\CalculatorApp\Form1.cs(333,38): warning CS8622: Nullability of reference types in type of parameter 'sender' of 'void Form1.AdvancedOp_Click(object sender, EventArgs e)' doesn't match the target delegate 'EventHandler' (possibly because of nullability attributes). [C:\Users\moses\OneDrive\Desktop\CalculatorApp\CalculatorApp.csproj]
C:\Users\moses\OneDrive\Desktop\CalculatorApp\Form1.cs(339,38): warning CS8622: Nullability of reference types in type of parameter 'sender' of 'void Form1.AdvancedOp_Click(object sender, EventArgs e)' doesn't match the target delegate 'EventHandler' (possibly because of nullability attributes). [C:\Users\moses\OneDrive\Desktop\CalculatorApp\CalculatorApp.csproj]
C:\Users\moses\OneDrive\Desktop\CalculatorApp\Form1.cs(343,38): warning CS8622: Nullability of reference types in type of parameter 'sender' of 'void Form1.Memory_Click(object sender, EventArgs e)' doesn't match the target delegate 'EventHandler' (possibly because of nullability attributes). [C:\Users\moses\OneDrive\Desktop\CalculatorApp\CalculatorApp.csproj]
C:\Users\moses\OneDrive\Desktop\CalculatorApp\Form1.cs(347,38): warning CS8622: Nullability of reference types in type of parameter 'sender' of 'void Form1.Operator_Click(object sender, EventArgs e)' doesn't match the target delegate 'EventHandler' (possibly because of nullability attributes). [C:\Users\moses\OneDrive\Desktop\CalculatorApp\CalculatorApp.csproj]
C:\Users\moses\OneDrive\Desktop\CalculatorApp\Form1.cs(351,38): warning CS8622: Nullability of reference types in type of parameter 'sender' of 'void Form1.Operator_Click(object sender, EventArgs e)' doesn't match the target delegate 'EventHandler' (possibly because of nullability attributes). [C:\Users\moses\OneDrive\Desktop\CalculatorApp\CalculatorApp.csproj]
C:\Users\moses\OneDrive\Desktop\CalculatorApp\Form1.cs(414,17): warning CS8602: Dereference of a possibly null reference. [C:\Users\moses\OneDrive\Desktop\CalculatorApp\CalculatorApp.csproj]
C:\Users\moses\OneDrive\Desktop\CalculatorApp\Form1.cs(441,52): warning CS8602: Dereference of a possibly null reference. [C:\Users\moses\OneDrive\Desktop\CalculatorApp\CalculatorApp.csproj]
C:\Users\moses\OneDrive\Desktop\CalculatorApp\Form1.cs(441,86): warning CS8602: Dereference of a possibly null reference. [C:\Users\moses\OneDrive\Desktop\CalculatorApp\CalculatorApp.csproj]
C:\Users\moses\OneDrive\Desktop\CalculatorApp\Form1.cs(441,118): warning CS8602: Dereference of a possibly null reference. [C:\Users\moses\OneDrive\Desktop\CalculatorApp\CalculatorApp.csproj]
C:\Users\moses\OneDrive\Desktop\CalculatorApp\Form1.cs(441,52): warning CS8604: Possible null reference argument for parameter 'from' in 'double Form1.PerformConversion(double val, string from, string to, string type)'. [C:\Users\moses\OneDrive\Desktop\CalculatorApp\CalculatorApp.csproj]
C:\Users\moses\OneDrive\Desktop\CalculatorApp\Form1.cs(441,86): warning CS8604: Possible null reference argument for parameter 'to' in 'double Form1.PerformConversion(double val, string from, string to, string type)'. [C:\Users\moses\OneDrive\Desktop\CalculatorApp\CalculatorApp.csproj]
C:\Users\moses\OneDrive\Desktop\CalculatorApp\Form1.cs(441,118): warning CS8604: Possible null reference argument for parameter 'type' in 'double Form1.PerformConversion(double val, string from, string to, string type)'. [C:\Users\moses\OneDrive\Desktop\CalculatorApp\CalculatorApp.csproj]
C:\Users\moses\OneDrive\Desktop\CalculatorApp\Form1.cs(519,52): warning CS0168: The variable 'btnActionBg' is declared but never used [C:\Users\moses\OneDrive\Desktop\CalculatorApp\CalculatorApp.csproj]
C:\Users\moses\OneDrive\Desktop\CalculatorApp\Form1.cs(755,17): warning CS0162: Unreachable code detected [C:\Users\moses\OneDrive\Desktop\CalculatorApp\CalculatorApp.csproj]
C:\Users\moses\OneDrive\Desktop\CalculatorApp\Form1.cs(21,19): warning CS0169: The field 'Form1.sidePanel' is never used [C:\Users\moses\OneDrive\Desktop\CalculatorApp\CalculatorApp.csproj]
C:\Users\moses\OneDrive\Desktop\CalculatorApp\Form1.cs(10,20): warning CS0414: The field 'Form1.currentInput' is assigned but its value is never used [C:\Users\moses\OneDrive\Desktop\CalculatorApp\CalculatorApp.csproj]
C:\Users\moses\OneDrive\Desktop\CalculatorApp\Form1.cs(778,13): error CS0152: The switch statement contains multiple cases with the label value '"Cos"' [C:\Users\moses\OneDrive\Desktop\CalculatorApp\CalculatorApp.csproj]
C:\Users\moses\OneDrive\Desktop\CalculatorApp\Form1.cs(782,13): error CS0152: The switch statement contains multiple cases with the label value '"Tan"' [C:\Users\moses\OneDrive\Desktop\CalculatorApp\CalculatorApp.csproj]
    53 Warning(s)
    2 Error(s)

Time Elapsed 00:00:02.32
